4 4
14 26 29 40
20 38 44 53
26 50 59 66
32 62 74 79


